// Jest Snapshot v1, https://goo.gl/fbAQLP

exports[`AircraftForm renders successfully 1`] = `
<body>
  <div>
    <div>
      MockedBaseAircraftForm - 
      Registration
    </div>
  </div>
</body>
`;
