// Jest Snapshot v1, https://goo.gl/fbAQLP

exports[`SignInPage snapshots renders successfully 1`] = `
<body>
  <div>
    <main
      class="css-3wo33r"
    >
      <div
        class="MuiContainer-root MuiContainer-maxWidthLg MuiContainer-fixed css-1ss2ei0-MuiContainer-root"
      >
        <div
          class="MuiGrid-root MuiGrid-container css-th1dzm-MuiGrid-root"
        >
          <div
            class="MuiGrid-root MuiGrid-item MuiGrid-grid-xs-8 MuiGrid-grid-sm-6 MuiGrid-grid-md-4 MuiGrid-grid-lg-3 MuiGrid-grid-xl-3 css-17zl5fo-MuiGrid-root"
          >
            <div
              class="MuiPaper-root MuiPaper-elevation MuiPaper-rounded MuiPaper-elevation1 css-1ps6pg7-MuiPaper-root"
            >
              <div
                class="MuiBox-root css-10r8238"
              >
                <img
                  alt="Hello"
                  class="css-m98lns"
                  src="/notion-hello.png"
                />
                <h1
                  class="MuiTypography-root MuiTypography-h6 css-1kgxqm0-MuiTypography-root"
                >
                  Welcome to Helpers
                </h1>
                <button
                  class="MuiButtonBase-root MuiButton-root MuiButton-outlined MuiButton-outlinedPrimary MuiButton-sizeMedium MuiButton-outlinedSizeMedium MuiButton-fullWidth MuiButton-root MuiButton-outlined MuiButton-outlinedPrimary MuiButton-sizeMedium MuiButton-outlinedSizeMedium MuiButton-fullWidth css-xsqe0f-MuiButtonBase-root-MuiButton-root"
                  tabindex="0"
                  type="button"
                >
                  <span
                    class="MuiButton-startIcon MuiButton-iconSizeMedium css-1d6wzja-MuiButton-startIcon"
                  >
                    <svg
                      aria-hidden="true"
                      class="MuiSvgIcon-root MuiSvgIcon-fontSizeMedium css-i4bv87-MuiSvgIcon-root"
                      data-testid="GoogleIcon"
                      focusable="false"
                      viewBox="0 0 24 24"
                    >
                      <path
                        d="M12.545,10.239v3.821h5.445c-0.712,2.315-2.647,3.972-5.445,3.972c-3.332,0-6.033-2.701-6.033-6.032s2.701-6.032,6.033-6.032c1.498,0,2.866,0.549,3.921,1.453l2.814-2.814C17.503,2.988,15.139,2,12.545,2C7.021,2,2.543,6.477,2.543,12s4.478,10,10.002,10c8.396,0,10.249-7.85,9.426-11.748L12.545,10.239z"
                      />
                    </svg>
                  </span>
                  Sign In
                  <span
                    class="MuiTouchRipple-root css-8je8zh-MuiTouchRipple-root"
                  />
                </button>
              </div>
            </div>
          </div>
        </div>
      </div>
    </main>
  </div>
</body>
`;
