// Jest Snapshot v1, https://goo.gl/fbAQLP

exports[`ImagePaste renders snapshot successfully 1`] = `
<body>
  <div>
    <button
      class="MuiButtonBase-root MuiButton-root MuiButton-outlined MuiButton-outlinedPrimary MuiButton-sizeMedium MuiButton-outlinedSizeMedium MuiButton-colorPrimary MuiButton-fullWidth MuiButton-root MuiButton-outlined MuiButton-outlinedPrimary MuiButton-sizeMedium MuiButton-outlinedSizeMedium MuiButton-colorPrimary MuiButton-fullWidth css-xsqe0f-MuiButtonBase-root-MuiButton-root"
      tabindex="0"
      type="button"
    >
      ...Or paste from clipboard
      <span
        class="MuiTouchRipple-root css-8je8zh-MuiTouchRipple-root"
      />
    </button>
  </div>
</body>
`;
