// Jest Snapshot v1, https://goo.gl/fbAQLP

exports[`AnswersCard snapshot renders successfully 1`] = `
<body>
  <div>
    <div
      class="MuiPaper-root MuiPaper-elevation MuiPaper-rounded MuiPaper-elevation1 css-1ps6pg7-MuiPaper-root"
    >
      <div
        class="css-w0nmsf"
      >
        <h2
          class="MuiTypography-root MuiTypography-h6 css-1fhdopv-MuiTypography-root"
        >
          wSup?
        </h2>
        <ul
          class="MuiList-root MuiList-padding css-h4y409-MuiList-root"
        >
          <li
            class="MuiListItem-root MuiListItem-dense MuiListItem-gutters MuiListItem-padding css-6lnq02-MuiListItem-root"
          >
            <div
              class="MuiListItemText-root MuiListItemText-dense MuiListItemText-multiline css-konndc-MuiListItemText-root"
            >
              <span
                class="MuiTypography-root MuiTypography-body2 MuiListItemText-primary css-et1ao3-MuiTypography-root"
              >
                <a
                  class="MuiTypography-root MuiTypography-inherit MuiLink-root MuiLink-underlineAlways css-1ps4owl-MuiTypography-root-MuiLink-root"
                  href="?updateYear=2022"
                >
                  2022
                </a>
              </span>
              <p
                class="MuiTypography-root MuiTypography-body2 MuiListItemText-secondary css-83ijpv-MuiTypography-root"
              >
                Good!
              </p>
            </div>
          </li>
          <li
            class="MuiListItem-root MuiListItem-dense MuiListItem-gutters MuiListItem-padding css-6lnq02-MuiListItem-root"
          >
            <div
              class="MuiListItemText-root MuiListItemText-dense MuiListItemText-multiline css-konndc-MuiListItemText-root"
            >
              <span
                class="MuiTypography-root MuiTypography-body2 MuiListItemText-primary css-et1ao3-MuiTypography-root"
              >
                <a
                  class="MuiTypography-root MuiTypography-inherit MuiLink-root MuiLink-underlineAlways css-1ps4owl-MuiTypography-root-MuiLink-root"
                  href="?updateYear=2023"
                >
                  2023
                </a>
              </span>
              <p
                class="MuiTypography-root MuiTypography-body2 MuiListItemText-secondary css-83ijpv-MuiTypography-root"
              >
                Nice!
              </p>
            </div>
          </li>
        </ul>
      </div>
    </div>
  </div>
</body>
`;
