// Jest Snapshot v1, https://goo.gl/fbAQLP

exports[`PagesList snapshot renders successfully 1`] = `
<body>
  <div>
    <div
      class="MuiGrid-root MuiGrid-container MuiGrid-spacing-xs-2 css-1xsir0u-MuiGrid-root"
    >
      <div
        class="MuiGrid-root MuiGrid-item MuiGrid-grid-xs-10 MuiGrid-grid-sm-6 MuiGrid-grid-md-4 MuiGrid-grid-lg-3 MuiGrid-grid-xl-3 css-4031bd-MuiGrid-root"
      >
        <a
          href="5Book"
        >
          <div
            class="MuiPaper-root MuiPaper-elevation MuiPaper-rounded MuiPaper-elevation1 css-1ps6pg7-MuiPaper-root"
          >
            <div
              class="MuiBox-root css-hpgf8j"
            >
              <h2
                class="MuiTypography-root MuiTypography-h6 css-1kgxqm0-MuiTypography-root"
              >
                5book
              </h2>
            </div>
          </div>
        </a>
      </div>
      <div
        class="MuiGrid-root MuiGrid-item MuiGrid-grid-xs-10 MuiGrid-grid-sm-6 MuiGrid-grid-md-4 MuiGrid-grid-lg-3 MuiGrid-grid-xl-3 css-4031bd-MuiGrid-root"
      >
        <a
          href="spotting"
        >
          <div
            class="MuiPaper-root MuiPaper-elevation MuiPaper-rounded MuiPaper-elevation1 css-1ps6pg7-MuiPaper-root"
          >
            <div
              class="MuiBox-root css-hpgf8j"
            >
              <h2
                class="MuiTypography-root MuiTypography-h6 css-1kgxqm0-MuiTypography-root"
              >
                Spotting
              </h2>
            </div>
          </div>
        </a>
      </div>
    </div>
  </div>
</body>
`;
