// Jest Snapshot v1, https://goo.gl/fbAQLP

exports[`FiveBookCard renders successfully 1`] = `
<div>
  <div
    class="MuiPaper-root MuiPaper-elevation MuiPaper-rounded MuiPaper-elevation1 css-1ps6pg7-MuiPaper-root"
  >
    <div
      class="css-w0nmsf"
    >
      Children
    </div>
  </div>
</div>
`;
