// Jest Snapshot v1, https://goo.gl/fbAQLP

exports[`PageWrapper renders successfully 1`] = `
<div>
  <main
    class="css-hfxpxn"
  >
    Children
  </main>
</div>
`;
