// Jest Snapshot v1, https://goo.gl/fbAQLP

exports[`PhotoDropZone renders successfully 1`] = `
<body>
  <div>
    <div
      class="MuiBox-root css-0"
    >
      <div>
        MockedImageDrop
      </div>
    </div>
  </div>
</body>
`;
